******************************************************************************
                  TI ARM Linker Unix v16.9.4                   
******************************************************************************
>> Linked Mon Nov 20 14:18:47 2017

OUTPUT FILE NAME:   <YodaOS.out>
ENTRY POINT SYMBOL: "_c_int00"  address: 00000775


MEMORY CONFIGURATION

         name            origin    length      used     unused   attr    fill
----------------------  --------  ---------  --------  --------  ----  --------
  FLASH                 00000000   00040000  0000099e  0003f662  R  X
  SRAM                  20000000   00008000  00000505  00007afb  RW X


SEGMENT ALLOCATION MAP

run origin  load origin   length   init length attrs members
----------  ----------- ---------- ----------- ----- -------
00000000    00000000    000009a0   000009a0    r-x
  00000000    00000000    0000026c   0000026c    r-- .intvecs
  0000026c    0000026c    0000065a   0000065a    r-x .text
  000008c8    000008c8    00000070   00000070    r-- .const
  00000938    00000938    00000068   00000068    r-- .cinit
20000000    20000000    00000505   00000000    rw-
  20000000    20000000    00000304   00000000    rw- .data
  20000304    20000304    00000200   00000000    rw- .stack
  20000504    20000504    00000001   00000000    rw- .bss


SECTION ALLOCATION MAP

 output                                  attributes/
section   page    origin      length       input sections
--------  ----  ----------  ----------   ----------------
.intvecs   0    00000000    0000026c     
                  00000000    0000026c     tm4c123gh6pm_startup_ccs.obj (.intvecs)

.text      0    0000026c    0000065a     
                  0000026c    000001c8     main.obj (.text)
                  00000434    000000f0     driverlib.lib : sysctl.obj (.text:SysCtlClockSet)
                  00000524    0000009c     rtsv7M4_T_le_v4SPD16_eabi.lib : memcpy_t2.obj (.text)
                  000005c0    0000007a                                   : memset_t2.obj (.text)
                  0000063a    00000002                                   : mpu_init.obj (.text)
                  0000063c    00000070                                   : autoinit.obj (.text)
                  000006ac    00000068                                   : copy_decompress_lzss.obj (.text:decompress:lzss)
                  00000714    00000060     driverlib.lib : interrupt.obj (.text:IntEnable)
                  00000774    00000054     rtsv7M4_T_le_v4SPD16_eabi.lib : boot.obj (.text)
                  000007c8    00000054                                   : exit.obj (.text)
                  0000081c    0000004c                                   : cpy_tbl.obj (.text)
                  00000868    00000018                                   : args_main.obj (.text)
                  00000880    00000014                                   : _lock.obj (.text)
                  00000894    0000000e                                   : copy_decompress_none.obj (.text:decompress:none)
                  000008a2    0000000c                                   : copy_zero_init.obj (.text:decompress:ZI)
                  000008ae    0000000c     tm4c123gh6pm_startup_ccs.obj (.text)
                  000008ba    00000006     driverlib.lib : sysctl.obj (.text:SysCtlDelay)
                  000008c0    00000004     rtsv7M4_T_le_v4SPD16_eabi.lib : pre_init.obj (.text)
                  000008c4    00000002                                   : startup.obj (.text)

.const     0    000008c8    00000070     
                  000008c8    00000070     driverlib.lib : interrupt.obj (.const)

.cinit     0    00000938    00000068     
                  00000938    0000003f     (.cinit..data.load) [load image, compression = lzss]
                  00000977    00000001     --HOLE-- [fill = 0]
                  00000978    0000000c     (__TI_handler_table)
                  00000984    00000004     --HOLE-- [fill = 0]
                  00000988    00000008     (.cinit..bss.load) [load image, compression = zero_init]
                  00000990    00000010     (__TI_cinit_table)

.init_array 
*          0    00000000    00000000     UNINITIALIZED

.data      0    20000000    00000304     UNINITIALIZED
                  20000000    000002dc     main.obj (.data:TCBs)
                  200002dc    00000010     main.obj (.data)
                  200002ec    0000000c     rtsv7M4_T_le_v4SPD16_eabi.lib : exit.obj (.data:$O1$$)
                  200002f8    00000008                                   : _lock.obj (.data:$O1$$)
                  20000300    00000004                                   : stkdepth_vars.obj (.data)

.bss       0    20000504    00000001     UNINITIALIZED
                  20000504    00000001     (.common:bootstarping)

.stack     0    20000304    00000200     UNINITIALIZED
                  20000304    00000200     --HOLE--

MODULE SUMMARY

       Module                         code   ro data   rw data
       ------                         ----   -------   -------
    ./
       main.obj                       456    0         749    
       tm4c123gh6pm_startup_ccs.obj   12     620       0      
    +--+------------------------------+------+---------+---------+
       Total:                         468    620       749    
                                                              
    ../driverlib/driverlib.lib
       sysctl.obj                     246    0         0      
       interrupt.obj                  96     112       0      
    +--+------------------------------+------+---------+---------+
       Total:                         342    112       0      
                                                              
    /home/fabubake/ti/ccsv7/tools/compiler/ti-cgt-arm_16.9.4.LTS/lib/rtsv7M4_T_le_v4SPD16_eabi.lib
       memcpy_t2.obj                  156    0         0      
       memset_t2.obj                  122    0         0      
       autoinit.obj                   112    0         0      
       copy_decompress_lzss.obj       104    0         0      
       exit.obj                       84     0         12     
       boot.obj                       84     0         0      
       cpy_tbl.obj                    76     0         0      
       _lock.obj                      20     0         8      
       args_main.obj                  24     0         0      
       copy_decompress_none.obj       14     0         0      
       copy_zero_init.obj             12     0         0      
       pre_init.obj                   4      0         0      
       stkdepth_vars.obj              0      0         4      
       mpu_init.obj                   2      0         0      
       startup.obj                    2      0         0      
    +--+------------------------------+------+---------+---------+
       Total:                         816    0         24     
                                                              
       Stack:                         0      0         512    
       Linker Generated:              0      99        0      
    +--+------------------------------+------+---------+---------+
       Grand Total:                   1626   831       1285   


LINKER GENERATED COPY TABLES

__TI_cinit_table @ 00000990 records: 2, size/record: 8, table size: 16
	.data: load addr=00000938, load size=0000003f bytes, run addr=20000000, run size=00000304 bytes, compression=lzss
	.bss: load addr=00000988, load size=00000008 bytes, run addr=20000504, run size=00000001 bytes, compression=zero_init


LINKER GENERATED HANDLER TABLE

__TI_handler_table @ 00000978 records: 3, size/record: 4, table size: 12
	index: 0, handler: __TI_decompress_lzss
	index: 1, handler: __TI_decompress_none
	index: 2, handler: __TI_zero_init


GLOBAL SYMBOLS: SORTED ALPHABETICALLY BY Name 

address   name                           
-------   ----                           
000007c9  C$$EXIT                        
0000039f  Factorial                      
00000715  IntEnable                      
00000313  ProgA                          
00000359  ProgB                          
000003bb  ProgC                          
000008af  ResetISR                       
200002dc  RunPtr                         
UNDEFED   SHT$$INIT_ARRAY$$Base          
UNDEFED   SHT$$INIT_ARRAY$$Limit         
200002e0  StackPtr                       
00000435  SysCtlClockSet                 
000008bb  SysCtlDelay                    
20000000  TCBs                           
0000026d  Timer2AHandler                 
000002b3  Timer2AInit                    
20000504  __STACK_END                    
00000200  __STACK_SIZE                   
20000504  __STACK_TOP                    
00000990  __TI_CINIT_Base                
000009a0  __TI_CINIT_Limit               
00000978  __TI_Handler_Table_Base        
00000984  __TI_Handler_Table_Limit       
0000063d  __TI_auto_init                 
200002ec  __TI_cleanup_ptr               
000006ad  __TI_decompress_lzss           
00000895  __TI_decompress_none           
200002f0  __TI_dtors_ptr                 
200002f4  __TI_enable_exit_profile_output
ffffffff  __TI_pprof_out_hndl            
ffffffff  __TI_prof_data_size            
ffffffff  __TI_prof_data_start           
00000000  __TI_static_base__             
000008a3  __TI_zero_init                 
000005c1  __aeabi_memclr                 
000005c1  __aeabi_memclr4                
000005c1  __aeabi_memclr8                
00000525  __aeabi_memcpy                 
00000525  __aeabi_memcpy4                
00000525  __aeabi_memcpy8                
000005c3  __aeabi_memset                 
000005c3  __aeabi_memset4                
000005c3  __aeabi_memset8                
ffffffff  __binit__                      
ffffffff  __c_args__                     
0000063b  __mpu_init                     
20000304  __stack                        
00000869  _args_main                     
00000775  _c_int00                       
200002f8  _lock                          
0000088f  _nop                           
00000887  _register_lock                 
00000881  _register_unlock               
000008c5  _system_post_cinit             
000008c1  _system_pre_init               
200002fc  _unlock                        
000007cd  abort                          
ffffffff  binit                          
20000504  bootstarping                   
0000081d  copy_in                        
200002e8  dummy                          
000007d5  exit                           
00000000  g_pfnVectors                   
000003c5  main                           
20000300  main_func_sp                   
00000525  memcpy                         
000005c9  memset                         
200002e4  value                          


GLOBAL SYMBOLS: SORTED BY Symbol Address 

address   name                           
-------   ----                           
00000000  __TI_static_base__             
00000000  g_pfnVectors                   
00000200  __STACK_SIZE                   
0000026d  Timer2AHandler                 
000002b3  Timer2AInit                    
00000313  ProgA                          
00000359  ProgB                          
0000039f  Factorial                      
000003bb  ProgC                          
000003c5  main                           
00000435  SysCtlClockSet                 
00000525  __aeabi_memcpy                 
00000525  __aeabi_memcpy4                
00000525  __aeabi_memcpy8                
00000525  memcpy                         
000005c1  __aeabi_memclr                 
000005c1  __aeabi_memclr4                
000005c1  __aeabi_memclr8                
000005c3  __aeabi_memset                 
000005c3  __aeabi_memset4                
000005c3  __aeabi_memset8                
000005c9  memset                         
0000063b  __mpu_init                     
0000063d  __TI_auto_init                 
000006ad  __TI_decompress_lzss           
00000715  IntEnable                      
00000775  _c_int00                       
000007c9  C$$EXIT                        
000007cd  abort                          
000007d5  exit                           
0000081d  copy_in                        
00000869  _args_main                     
00000881  _register_unlock               
00000887  _register_lock                 
0000088f  _nop                           
00000895  __TI_decompress_none           
000008a3  __TI_zero_init                 
000008af  ResetISR                       
000008bb  SysCtlDelay                    
000008c1  _system_pre_init               
000008c5  _system_post_cinit             
00000978  __TI_Handler_Table_Base        
00000984  __TI_Handler_Table_Limit       
00000990  __TI_CINIT_Base                
000009a0  __TI_CINIT_Limit               
20000000  TCBs                           
200002dc  RunPtr                         
200002e0  StackPtr                       
200002e4  value                          
200002e8  dummy                          
200002ec  __TI_cleanup_ptr               
200002f0  __TI_dtors_ptr                 
200002f4  __TI_enable_exit_profile_output
200002f8  _lock                          
200002fc  _unlock                        
20000300  main_func_sp                   
20000304  __stack                        
20000504  __STACK_END                    
20000504  __STACK_TOP                    
20000504  bootstarping                   
ffffffff  __TI_pprof_out_hndl            
ffffffff  __TI_prof_data_size            
ffffffff  __TI_prof_data_start           
ffffffff  __binit__                      
ffffffff  __c_args__                     
ffffffff  binit                          
UNDEFED   SHT$$INIT_ARRAY$$Base          
UNDEFED   SHT$$INIT_ARRAY$$Limit         

[68 symbols]
